2025-09-02 12:53:48,796 - __main__ - INFO - 銘柄コード読み込み完了: 2銘柄
2025-09-02 12:53:48,796 - __main__ - INFO - 全銘柄分析開始: 2銘柄
2025-09-02 12:53:48,797 - __main__ - INFO - 分析開始: 7974.T
2025-09-02 12:53:49,809 - __main__ - INFO - 分析完了: 7974.T - 取引件数: 35
2025-09-02 12:53:49,809 - __main__ - INFO - 分析開始: 1878.T
2025-09-02 12:53:50,151 - __main__ - INFO - 分析完了: 1878.T - 取引件数: 37
2025-09-02 12:53:50,151 - __main__ - INFO - 全銘柄分析完了: 2銘柄
2025-09-02 13:54:10,103 - __main__ - INFO - 銘柄コード読み込み完了: 2銘柄
2025-09-02 13:54:10,103 - __main__ - INFO - 全銘柄分析開始: 2銘柄
2025-09-02 13:54:10,103 - __main__ - INFO - 分析開始: 7974.T
2025-09-02 13:54:10,867 - __main__ - INFO - 分析完了: 7974.T - 取引件数: 35
2025-09-02 13:54:10,868 - __main__ - INFO - 分析開始: 1878.T
2025-09-02 13:54:11,139 - __main__ - INFO - 分析完了: 1878.T - 取引件数: 37
2025-09-02 13:54:11,139 - __main__ - INFO - 全銘柄分析完了: 2銘柄
2025-09-02 13:54:11,140 - __main__ - ERROR - レポート保存エラー: [Errno 2] No such file or directory: '../data/reports/detailed/detailed_report_20250902_135411.txt'
2025-09-02 13:55:28,232 - __main__ - INFO - 銘柄コード読み込み完了: 2銘柄
2025-09-02 13:55:28,232 - __main__ - INFO - 全銘柄分析開始: 2銘柄
2025-09-02 13:55:28,232 - __main__ - INFO - 分析開始: 7974.T
2025-09-02 13:55:28,774 - __main__ - INFO - 分析完了: 7974.T - 取引件数: 35
2025-09-02 13:55:28,775 - __main__ - INFO - 分析開始: 1878.T
2025-09-02 13:55:28,959 - __main__ - INFO - 分析完了: 1878.T - 取引件数: 37
2025-09-02 13:55:28,960 - __main__ - INFO - 全銘柄分析完了: 2銘柄
2025-09-02 13:55:28,960 - __main__ - ERROR - レポート保存エラー: [Errno 2] No such file or directory: '../data/reports/detailed/detailed_report_20250902_135528.txt'
2025-09-02 13:55:40,616 - __main__ - INFO - 銘柄コード読み込み完了: 2銘柄
2025-09-02 13:55:40,616 - __main__ - INFO - 全銘柄分析開始: 2銘柄
2025-09-02 13:55:40,617 - __main__ - INFO - 分析開始: 7974.T
2025-09-02 13:55:41,115 - __main__ - INFO - 分析完了: 7974.T - 取引件数: 35
2025-09-02 13:55:41,115 - __main__ - INFO - 分析開始: 1878.T
2025-09-02 13:55:41,290 - __main__ - INFO - 分析完了: 1878.T - 取引件数: 37
2025-09-02 13:55:41,290 - __main__ - INFO - 全銘柄分析完了: 2銘柄
2025-09-02 13:57:32,852 - __main__ - INFO - 銘柄コード読み込み完了: 2銘柄
2025-09-02 13:57:32,852 - __main__ - INFO - 全銘柄分析開始: 2銘柄
2025-09-02 13:57:32,853 - __main__ - INFO - 分析開始: 7974.T
2025-09-02 13:57:33,401 - __main__ - INFO - 分析完了: 7974.T - 取引件数: 70
2025-09-02 13:57:33,401 - __main__ - INFO - 分析開始: 1878.T
2025-09-02 13:57:33,564 - __main__ - INFO - 分析完了: 1878.T - 取引件数: 72
2025-09-02 13:57:33,565 - __main__ - INFO - 全銘柄分析完了: 2銘柄
2025-09-02 14:31:41,262 - __main__ - INFO - 銘柄コード読み込み完了: 2銘柄
2025-09-02 14:31:41,262 - __main__ - INFO - 全銘柄分析開始: 2銘柄
2025-09-02 14:31:41,262 - __main__ - INFO - 分析開始: 7974.T
2025-09-02 14:31:41,860 - __main__ - INFO - 分析完了: 7974.T - 取引件数: 35
2025-09-02 14:31:41,860 - __main__ - INFO - 分析開始: 1878.T
2025-09-02 14:31:42,007 - __main__ - INFO - 分析完了: 1878.T - 取引件数: 36
2025-09-02 14:31:42,007 - __main__ - INFO - 全銘柄分析完了: 2銘柄
2025-09-02 14:31:42,008 - __main__ - ERROR - レポート保存エラー: 'EveryStockAnalyzer' object has no attribute 'get_purchase_info'
2025-09-02 14:33:25,919 - __main__ - INFO - 銘柄コード読み込み完了: 2銘柄
2025-09-02 14:33:25,919 - __main__ - INFO - 全銘柄分析開始: 2銘柄
2025-09-02 14:33:25,919 - __main__ - INFO - 分析開始: 7974.T
2025-09-02 14:33:26,617 - __main__ - INFO - 分析完了: 7974.T - 取引件数: 35
2025-09-02 14:33:26,617 - __main__ - INFO - 分析開始: 1878.T
2025-09-02 14:33:26,793 - __main__ - INFO - 分析完了: 1878.T - 取引件数: 36
2025-09-02 14:33:26,794 - __main__ - INFO - 全銘柄分析完了: 2銘柄
2025-09-02 14:33:26,798 - __main__ - ERROR - 月次リターン計算エラー: 'data'
2025-09-02 14:33:26,798 - __main__ - ERROR - レポート保存エラー: 'data'
2025-09-02 14:34:30,127 - __main__ - INFO - 銘柄コード読み込み完了: 2銘柄
2025-09-02 14:34:30,127 - __main__ - INFO - 全銘柄分析開始: 2銘柄
2025-09-02 14:34:30,128 - __main__ - INFO - 分析開始: 7974.T
2025-09-02 14:34:30,636 - __main__ - INFO - 分析完了: 7974.T - 取引件数: 35
2025-09-02 14:34:30,637 - __main__ - INFO - 分析開始: 1878.T
2025-09-02 14:34:30,812 - __main__ - INFO - 分析完了: 1878.T - 取引件数: 36
2025-09-02 14:34:30,812 - __main__ - INFO - 全銘柄分析完了: 2銘柄
2025-09-02 14:34:30,827 - __main__ - ERROR - 日次ステータス取得エラー: Invalid comparison between dtype=datetime64[ns, Asia/Tokyo] and datetime
2025-09-02 14:34:30,831 - __main__ - ERROR - 日次ステータス取得エラー: Invalid comparison between dtype=datetime64[ns, Asia/Tokyo] and datetime
2025-09-02 14:35:40,965 - __main__ - INFO - 銘柄コード読み込み完了: 2銘柄
2025-09-02 14:35:40,965 - __main__ - INFO - 全銘柄分析開始: 2銘柄
2025-09-02 14:35:40,965 - __main__ - INFO - 分析開始: 7974.T
2025-09-02 14:35:41,506 - __main__ - INFO - 分析完了: 7974.T - 取引件数: 35
2025-09-02 14:35:41,507 - __main__ - INFO - 分析開始: 1878.T
2025-09-02 14:35:41,667 - __main__ - INFO - 分析完了: 1878.T - 取引件数: 36
2025-09-02 14:35:41,667 - __main__ - INFO - 全銘柄分析完了: 2銘柄
2025-09-02 14:35:41,672 - __main__ - ERROR - 月次リターン計算エラー: 'data'
2025-09-02 14:35:41,672 - __main__ - ERROR - レポート保存エラー: 'data'
2025-09-02 14:36:52,958 - __main__ - INFO - 銘柄コード読み込み完了: 2銘柄
2025-09-02 14:36:52,958 - __main__ - INFO - 全銘柄分析開始: 2銘柄
2025-09-02 14:36:52,958 - __main__ - INFO - 分析開始: 7974.T
2025-09-02 14:36:53,848 - __main__ - INFO - 分析完了: 7974.T - 取引件数: 35
2025-09-02 14:36:53,849 - __main__ - INFO - 分析開始: 1878.T
2025-09-02 14:36:54,050 - __main__ - INFO - 分析完了: 1878.T - 取引件数: 36
2025-09-02 14:36:54,050 - __main__ - INFO - 全銘柄分析完了: 2銘柄
2025-09-02 14:41:42,817 - __main__ - INFO - 銘柄コード読み込み完了: 3銘柄
2025-09-02 14:41:42,817 - __main__ - INFO - 全銘柄分析開始: 3銘柄
2025-09-02 14:41:42,817 - __main__ - INFO - 分析開始: 7974.T
2025-09-02 14:41:43,365 - __main__ - INFO - 分析完了: 7974.T - 取引件数: 35
2025-09-02 14:41:43,365 - __main__ - INFO - 分析開始: 1878.T
2025-09-02 14:41:43,538 - __main__ - INFO - 分析完了: 1878.T - 取引件数: 36
2025-09-02 14:41:43,538 - __main__ - INFO - 分析開始: 8035.T
2025-09-02 14:41:43,864 - __main__ - INFO - 分析完了: 8035.T - 取引件数: 42
2025-09-02 14:41:43,864 - __main__ - INFO - 全銘柄分析完了: 3銘柄
