2025-09-01 18:21:08,473 - __main__ - INFO - データ取得完了: 7203.T - 63件
2025-09-01 18:21:08,796 - __main__ - INFO - データ取得完了: 6758.T - 63件
2025-09-01 18:21:08,958 - __main__ - INFO - データ取得完了: 9984.T - 63件
2025-09-01 18:21:09,120 - __main__ - INFO - データ取得完了: 6861.T - 63件
2025-09-01 18:21:09,290 - __main__ - INFO - データ取得完了: 7974.T - 63件
2025-09-01 18:21:09,507 - __main__ - INFO - データ取得完了: 6752.T - 63件
2025-09-01 18:21:09,659 - __main__ - INFO - データ取得完了: 8306.T - 63件
2025-09-01 18:21:09,807 - __main__ - INFO - データ取得完了: 9433.T - 63件
2025-09-01 18:21:09,819 - __main__ - INFO - 分析結果を保存: ../data/sample_portfolio_analysis.txt
2025-09-01 22:57:33,344 - portfolio_analyzer - ERROR - ポートフォリオ読み込みエラー: [Errno 2] No such file or directory: 'data/portfolio.csv'
2025-09-01 23:00:39,979 - __main__ - INFO - データ取得完了: 7203.T - 63件
2025-09-01 23:00:40,144 - __main__ - INFO - データ取得完了: 6758.T - 63件
2025-09-01 23:00:40,311 - __main__ - INFO - データ取得完了: 9984.T - 63件
2025-09-01 23:00:40,571 - __main__ - INFO - データ取得完了: 6861.T - 63件
2025-09-01 23:00:40,876 - __main__ - INFO - データ取得完了: 7974.T - 63件
2025-09-01 23:00:41,085 - __main__ - INFO - データ取得完了: 6752.T - 63件
2025-09-01 23:00:41,236 - __main__ - INFO - データ取得完了: 8306.T - 63件
2025-09-01 23:00:41,462 - __main__ - INFO - データ取得完了: 9433.T - 63件
2025-09-01 23:00:41,475 - __main__ - INFO - 分析結果を保存: ../data/sample_portfolio_analysis.txt
2025-09-01 23:03:37,438 - __main__ - INFO - データ取得完了: 7203.T - 63件
2025-09-01 23:03:37,604 - __main__ - INFO - データ取得完了: 6758.T - 63件
2025-09-01 23:03:37,767 - __main__ - INFO - データ取得完了: 9984.T - 63件
2025-09-01 23:03:37,926 - __main__ - INFO - データ取得完了: 6861.T - 63件
2025-09-01 23:03:38,089 - __main__ - INFO - データ取得完了: 7974.T - 63件
2025-09-01 23:03:38,255 - __main__ - INFO - データ取得完了: 6752.T - 63件
2025-09-01 23:03:38,407 - __main__ - INFO - データ取得完了: 8306.T - 63件
2025-09-01 23:03:38,571 - __main__ - INFO - データ取得完了: 9433.T - 63件
2025-09-01 23:03:38,584 - __main__ - INFO - 分析結果を保存: ../data/sample_portfolio_analysis.txt
2025-09-01 23:04:12,280 - portfolio_analyzer - ERROR - ポートフォリオ読み込みエラー: [Errno 2] No such file or directory: 'data/portfolio_practice.csv'
2025-09-01 23:04:23,350 - __main__ - INFO - データ取得完了: 7203.T - 63件
2025-09-01 23:04:23,503 - __main__ - INFO - データ取得完了: 6758.T - 63件
2025-09-01 23:04:23,655 - __main__ - INFO - データ取得完了: 9984.T - 63件
2025-09-01 23:04:23,800 - __main__ - INFO - データ取得完了: 6861.T - 63件
2025-09-01 23:04:23,987 - __main__ - INFO - データ取得完了: 7974.T - 63件
2025-09-01 23:04:24,176 - __main__ - INFO - データ取得完了: 6752.T - 63件
2025-09-01 23:04:24,327 - __main__ - INFO - データ取得完了: 8306.T - 63件
2025-09-01 23:04:24,501 - __main__ - INFO - データ取得完了: 9433.T - 63件
2025-09-01 23:04:24,513 - __main__ - INFO - 分析結果を保存: ../data/sample_portfolio_analysis.txt
2025-09-01 23:04:28,280 - portfolio_analyzer - ERROR - ポートフォリオ読み込みエラー: [Errno 2] No such file or directory: 'data/portfolio.csv'
2025-09-01 23:05:51,221 - __main__ - INFO - データ取得完了: 7203.T - 63件
2025-09-01 23:05:51,415 - __main__ - INFO - データ取得完了: 6758.T - 63件
2025-09-01 23:05:51,569 - __main__ - INFO - データ取得完了: 9984.T - 63件
2025-09-01 23:05:51,726 - __main__ - INFO - データ取得完了: 6861.T - 63件
2025-09-01 23:05:51,894 - __main__ - INFO - データ取得完了: 7974.T - 63件
2025-09-01 23:05:52,067 - __main__ - INFO - データ取得完了: 6752.T - 63件
2025-09-01 23:05:52,223 - __main__ - INFO - データ取得完了: 8306.T - 63件
2025-09-01 23:05:52,397 - __main__ - INFO - データ取得完了: 9433.T - 63件
2025-09-01 23:05:52,411 - __main__ - INFO - 分析結果を保存: ../data/sample_portfolio_analysis.txt
2025-09-01 23:08:14,431 - __main__ - ERROR - ポートフォリオ読み込みエラー: No columns to parse from file
2025-09-01 23:08:46,508 - __main__ - INFO - ポートフォリオ読み込み完了: 5銘柄
2025-09-01 23:11:45,146 - __main__ - INFO - ポートフォリオ読み込み完了: 5銘柄
2025-09-01 23:11:45,628 - __main__ - INFO - データ取得完了: 7203.T - 63件
2025-09-01 23:11:45,784 - __main__ - INFO - データ取得完了: 8306.T - 63件
2025-09-01 23:11:45,938 - __main__ - INFO - データ取得完了: 9433.T - 63件
2025-09-01 23:11:46,102 - __main__ - INFO - データ取得完了: 6752.T - 63件
2025-09-01 23:11:46,267 - __main__ - INFO - データ取得完了: 7974.T - 63件
2025-09-01 23:11:46,278 - __main__ - INFO - 分析結果を保存: ../data/sample_portfolio_analysis.txt
