2025-09-01 18:19:05,318 - __main__ - INFO - データ収集開始: 7203.T
2025-09-01 18:19:05,963 - __main__ - INFO - データ収集完了: 7203.T - 63件
2025-09-01 18:19:05,963 - __main__ - INFO - データ収集開始: 6758.T
2025-09-01 18:19:06,403 - __main__ - INFO - データ収集完了: 6758.T - 63件
2025-09-01 18:19:06,403 - __main__ - INFO - データ収集開始: 9984.T
2025-09-01 18:19:06,730 - __main__ - INFO - データ収集完了: 9984.T - 63件
2025-09-01 18:19:06,730 - __main__ - INFO - データ収集開始: 6861.T
2025-09-01 18:19:07,045 - __main__ - INFO - データ収集完了: 6861.T - 63件
2025-09-01 18:19:07,045 - __main__ - INFO - データ収集開始: 7974.T
2025-09-01 18:19:07,378 - __main__ - INFO - データ収集完了: 7974.T - 63件
2025-09-01 18:19:07,378 - __main__ - INFO - データ収集開始: 6752.T
2025-09-01 18:19:07,703 - __main__ - INFO - データ収集完了: 6752.T - 63件
2025-09-01 18:19:07,703 - __main__ - INFO - データ収集開始: 8306.T
2025-09-01 18:19:07,996 - __main__ - INFO - データ収集完了: 8306.T - 63件
2025-09-01 18:19:07,996 - __main__ - INFO - データ収集開始: 9433.T
2025-09-01 18:19:08,319 - __main__ - INFO - データ収集完了: 9433.T - 63件
2025-09-01 18:19:08,319 - __main__ - INFO - データ収集完了: 8/8銘柄
2025-09-01 18:19:08,322 - portfolio_analyzer - INFO - データ取得完了: 7203.T - 63件
2025-09-01 18:19:08,326 - portfolio_analyzer - INFO - データ取得完了: 6758.T - 63件
2025-09-01 18:19:08,331 - portfolio_analyzer - INFO - データ取得完了: 9984.T - 63件
2025-09-01 18:19:08,336 - portfolio_analyzer - INFO - データ取得完了: 6861.T - 63件
2025-09-01 18:19:08,341 - portfolio_analyzer - INFO - データ取得完了: 7974.T - 63件
2025-09-01 18:19:08,345 - portfolio_analyzer - INFO - データ取得完了: 6752.T - 63件
2025-09-01 18:19:08,349 - portfolio_analyzer - INFO - データ取得完了: 8306.T - 63件
2025-09-01 18:19:08,353 - portfolio_analyzer - INFO - データ取得完了: 9433.T - 63件
2025-09-01 18:19:08,361 - portfolio_analyzer - INFO - 分析結果を保存: ../data/practice_analysis.txt
